// Jest Snapshot v1, https://goo.gl/fbAQLP

exports[`<Home /> matches snapshot 1`] = `
<div>
  <h2
    class="mb-4"
  >
    Online Umfragen
  </h2>
  <ul
    style="margin-top: 25vh;"
  >
    <li
      class="my-3"
    >
      <p
        class="lead"
      >
        Erstelle einen Fragebogen mit einem benutzerfreundlichen und einfach verst채ndlichen Umfragetool.
      </p>
    </li>
    <li
      class="my-3"
    >
      <p
        class="lead"
      >
        Einfach verst채ndliche Analyse von Umfrageergebnissen.
      </p>
    </li>
    <li
      class="my-3"
    >
      <p
        class="lead"
      >
        Answerium, da oft Fragen auftauchen!
      </p>
    </li>
  </ul>
  <a
    class="my-3 btn btn-primary"
    href="/selectPath"
  >
    Jetzt kostenlos starten!
  </a>
</div>
`;

exports[`My first snapshot test testing app button 1`] = `
Array [
  <h2
    className="mb-4"
  >
    Online Umfragen
  </h2>,
  <ul
    style={
      Object {
        "marginTop": "25vh",
      }
    }
  >
    <li
      className="my-3"
    >
      <p
        className="lead"
      >
        Erstelle einen Fragebogen mit einem benutzerfreundlichen und einfach verst채ndlichen Umfragetool.
      </p>
    </li>
    <li
      className="my-3"
    >
      <p
        className="lead"
      >
        Einfach verst채ndliche Analyse von Umfrageergebnissen.
      </p>
    </li>
    <li
      className="my-3"
    >
      <p
        className="lead"
      >
        Answerium, da oft Fragen auftauchen!
      </p>
    </li>
  </ul>,
  <a
    className="my-3 btn btn-primary"
    data-testid="testSelectPath"
    href="/selectPath"
    onClick={[Function]}
    onKeyDown={[Function]}
  >
    Jetzt kostenlos starten!
  </a>,
]
`;
